2026-09-12T16:53:26.642-07:00  INFO 76191 --- [main] [inventory-service,,]c.p.b.inventory.InventoryMsApplication   : Starting InventoryMsApplication v0.0.1-SNAPSHOT using Java 26 with PID 76191 (/Users/ahmadgohar/GitHub/Packt/Spring-Boot-and-Angular-2E_Backend/chapter-10/inventory-ms/target/inventory-ms-0.0.1-SNAPSHOT.jar started by ahmadgohar in /Users/ahmadgohar/GitHub/Packt/Spring-Boot-and-Angular-2E_Backend/chapter-10)
2026-09-12T16:53:26.644-07:00  INFO 76191 --- [main] [inventory-service,,]c.p.b.inventory.InventoryMsApplication   : No active profile set, falling back to 1 default profile: "default"
2026-09-12T16:53:27.544-07:00  INFO 76191 --- [main] [inventory-service,,].s.d.r.c.RepositoryConfigurationDelegate : Bootstrapping Spring Data JPA repositories in DEFAULT mode.
2026-09-12T16:53:27.659-07:00  INFO 76191 --- [main] [inventory-service,,].s.d.r.c.RepositoryConfigurationDelegate : Finished Spring Data repository scanning in 104 ms. Found 2 JPA repository interfaces.
2026-09-12T16:53:27.935-07:00  INFO 76191 --- [main] [inventory-service,,]o.s.cloud.context.scope.GenericScope     : BeanFactory id=5b8beb24-bf69-3059-81f5-a5200da61832
2026-09-12T16:53:28.340-07:00  INFO 76191 --- [main] [inventory-service,,]o.s.boot.tomcat.TomcatWebServer          : Tomcat initialized with port 8081 (http)
2026-09-12T16:53:28.351-07:00  INFO 76191 --- [main] [inventory-service,,]o.apache.catalina.core.StandardService   : Starting service [Tomcat]
2026-09-12T16:53:28.351-07:00  INFO 76191 --- [main] [inventory-service,,]o.apache.catalina.core.StandardEngine    : Starting Servlet engine: [Apache Tomcat/11.0.24]
2026-09-12T16:53:28.373-07:00  INFO 76191 --- [main] [inventory-service,,]b.w.c.s.WebApplicationContextInitializer : Root WebApplicationContext: initialization completed in 1694 ms
2026-09-12T16:53:28.639-07:00  INFO 76191 --- [main] [inventory-service,,]org.hibernate.orm.jpa                    : HHH008540: Processing PersistenceUnitInfo [name: default]
2026-09-12T16:53:28.687-07:00  INFO 76191 --- [main] [inventory-service,,]org.hibernate.orm.core                   : HHH000001: Hibernate ORM core version 7.4.5.Final
2026-09-12T16:53:29.037-07:00  INFO 76191 --- [main] [inventory-service,,]o.s.o.j.p.SpringPersistenceUnitInfo      : No LoadTimeWeaver setup: ignoring JPA class transformer
2026-09-12T16:53:29.064-07:00  INFO 76191 --- [main] [inventory-service,,]com.zaxxer.hikari.HikariDataSource       : HikariPool-1 - Starting...
2026-09-12T16:53:29.190-07:00  INFO 76191 --- [main] [inventory-service,,]com.zaxxer.hikari.pool.HikariPool        : HikariPool-1 - Added connection org.postgresql.jdbc.PgConnection@6f5288c5
2026-09-12T16:53:29.191-07:00  INFO 76191 --- [main] [inventory-service,,]com.zaxxer.hikari.HikariDataSource       : HikariPool-1 - Start completed.
2026-09-12T16:53:29.259-07:00  INFO 76191 --- [main] [inventory-service,,]org.hibernate.orm.connections.pooling    : HHH10001005: Database info:
	Database JDBC URL [jdbc:postgresql://localhost:5432/inventory]
	Database driver: PostgreSQL JDBC Driver
	Database dialect: PostgreSQLDialect
	Database version: 17.10
	Default catalog/schema: inventory/public
	Autocommit mode: undefined/unknown
	Isolation level: READ_COMMITTED [default READ_COMMITTED]
	JDBC fetch size: none
	Pool: DataSourceConnectionProvider
	Minimum pool size: undefined/unknown
	Maximum pool size: undefined/unknown
2026-09-12T16:53:29.984-07:00  INFO 76191 --- [main] [inventory-service,,]org.hibernate.orm.core                   : HHH000489: No JTA platform available (set 'hibernate.transaction.jta.platform' to enable JTA platform integration)
2026-09-12T16:53:30.048-07:00  INFO 76191 --- [main] [inventory-service,,]j.LocalContainerEntityManagerFactoryBean : Initialized JPA EntityManagerFactory for persistence unit 'default'
2026-09-12T16:53:30.108-07:00  INFO 76191 --- [main] [inventory-service,,]o.s.d.j.r.query.QueryEnhancerFactories   : Hibernate is in classpath; If applicable, HQL parser will be used.
2026-09-12T16:53:30.689-07:00  INFO 76191 --- [main] [inventory-service,,]c.p.b.i.service.NotificationService      : NotificationService initialized with reactive SSE support
2026-09-12T16:53:31.146-07:00  INFO 76191 --- [main] [inventory-service,,]DiscoveryClientOptionalArgsConfiguration : Eureka HTTP Client uses RestClient.
2026-09-12T16:53:31.181-07:00  WARN 76191 --- [main] [inventory-service,,]iguration$LoadBalancerCaffeineWarnLogger : Spring Cloud LoadBalancer is currently working with the default cache. While this cache implementation is useful for development and tests, it's recommended to use Caffeine cache in production.You can switch to using Caffeine cache, by adding it and org.springframework.cache.caffeine.CaffeineCacheManager to the classpath.
2026-09-12T16:53:31.184-07:00  INFO 76191 --- [main] [inventory-service,,]o.s.b.a.e.web.EndpointLinksResolver      : Exposing 3 endpoints beneath base path '/actuator'
2026-09-12T16:53:31.225-07:00  INFO 76191 --- [main] [inventory-service,,]o.s.c.n.eureka.InstanceInfoFactory       : Setting initial instance status as: STARTING
2026-09-12T16:53:31.236-07:00  INFO 76191 --- [main] [inventory-service,,]com.netflix.discovery.DiscoveryClient    : Initializing Eureka in region us-east-1
2026-09-12T16:53:31.238-07:00  INFO 76191 --- [main] [inventory-service,,]c.n.d.s.r.aws.ConfigClusterResolver      : Resolving eureka endpoints via configuration
2026-09-12T16:53:31.242-07:00  INFO 76191 --- [main] [inventory-service,,]com.netflix.discovery.DiscoveryClient    : Disable delta property : false
2026-09-12T16:53:31.242-07:00  INFO 76191 --- [main] [inventory-service,,]com.netflix.discovery.DiscoveryClient    : Single vip registry refresh property : null
2026-09-12T16:53:31.242-07:00  INFO 76191 --- [main] [inventory-service,,]com.netflix.discovery.DiscoveryClient    : Force full registry fetch : false
2026-09-12T16:53:31.242-07:00  INFO 76191 --- [main] [inventory-service,,]com.netflix.discovery.DiscoveryClient    : Application is null : false
2026-09-12T16:53:31.242-07:00  INFO 76191 --- [main] [inventory-service,,]com.netflix.discovery.DiscoveryClient    : Registered Applications size is zero : true
2026-09-12T16:53:31.242-07:00  INFO 76191 --- [main] [inventory-service,,]com.netflix.discovery.DiscoveryClient    : Application version is -1: true
2026-09-12T16:53:31.242-07:00  INFO 76191 --- [main] [inventory-service,,]com.netflix.discovery.DiscoveryClient    : Getting all instance registry info from the eureka server
2026-09-12T16:53:31.429-07:00  INFO 76191 --- [main] [inventory-service,,]com.netflix.discovery.DiscoveryClient    : The response status is 200
2026-09-12T16:53:31.430-07:00  INFO 76191 --- [main] [inventory-service,,]com.netflix.discovery.DiscoveryClient    : Starting heartbeat executor: renew interval is: 30
2026-09-12T16:53:31.431-07:00  INFO 76191 --- [main] [inventory-service,,]c.n.discovery.InstanceInfoReplicator     : InstanceInfoReplicator onDemand update allowed rate per min is 4
2026-09-12T16:53:31.432-07:00  INFO 76191 --- [main] [inventory-service,,]com.netflix.discovery.DiscoveryClient    : Discovery Client initialized at timestamp 1789257211431 with initial instances count: 0
2026-09-12T16:53:31.433-07:00  INFO 76191 --- [main] [inventory-service,,]o.s.c.n.e.s.EurekaServiceRegistry        : Registering application INVENTORY-SERVICE with eureka with status UP
2026-09-12T16:53:31.434-07:00  INFO 76191 --- [main] [inventory-service,,]com.netflix.discovery.DiscoveryClient    : Saw local status change event StatusChangeEvent [timestamp=1789257211434, current=UP, previous=STARTING]
2026-09-12T16:53:31.434-07:00  INFO 76191 --- [DiscoveryClient-InstanceInfoReplicator-%d] [inventory-service,,]com.netflix.discovery.DiscoveryClient    : DiscoveryClient_INVENTORY-SERVICE/mac.lan:inventory-service:8081: registering service...
2026-09-12T16:53:31.442-07:00  INFO 76191 --- [main] [inventory-service,,]o.s.boot.tomcat.TomcatWebServer          : Tomcat started on port 8081 (http) with context path '/inventory'
2026-09-12T16:53:31.443-07:00  INFO 76191 --- [main] [inventory-service,,].s.c.n.e.s.EurekaAutoServiceRegistration : Updating port to 8081
2026-09-12T16:53:31.455-07:00  INFO 76191 --- [DiscoveryClient-InstanceInfoReplicator-%d] [inventory-service,,]com.netflix.discovery.DiscoveryClient    : DiscoveryClient_INVENTORY-SERVICE/mac.lan:inventory-service:8081 - registration status: 204
2026-09-12T16:53:31.460-07:00  INFO 76191 --- [main] [inventory-service,,]c.p.b.inventory.InventoryMsApplication   : Started InventoryMsApplication in 5.187 seconds (process running for 5.642)
2026-09-12T16:53:33.265-07:00  INFO 76191 --- [http-nio-8081-exec-1] [inventory-service,,]o.a.c.c.C.[.[localhost].[/inventory]     : Initializing Spring DispatcherServlet 'dispatcherServlet'
2026-09-12T16:53:33.265-07:00  INFO 76191 --- [http-nio-8081-exec-1] [inventory-service,,]o.s.web.servlet.DispatcherServlet        : Initializing Servlet 'dispatcherServlet'
2026-09-12T16:53:33.266-07:00  INFO 76191 --- [http-nio-8081-exec-1] [inventory-service,,]o.s.web.servlet.DispatcherServlet        : Completed initialization in 1 ms
2026-09-12T16:54:01.436-07:00  INFO 76191 --- [DiscoveryClient-CacheRefreshExecutor-%d] [inventory-service,,]com.netflix.discovery.DiscoveryClient    : Disable delta property : false
2026-09-12T16:54:01.439-07:00  INFO 76191 --- [DiscoveryClient-CacheRefreshExecutor-%d] [inventory-service,,]com.netflix.discovery.DiscoveryClient    : Single vip registry refresh property : null
2026-09-12T16:54:01.439-07:00  INFO 76191 --- [DiscoveryClient-CacheRefreshExecutor-%d] [inventory-service,,]com.netflix.discovery.DiscoveryClient    : Force full registry fetch : false
2026-09-12T16:54:01.439-07:00  INFO 76191 --- [DiscoveryClient-CacheRefreshExecutor-%d] [inventory-service,,]com.netflix.discovery.DiscoveryClient    : Application is null : false
2026-09-12T16:54:01.440-07:00  INFO 76191 --- [DiscoveryClient-CacheRefreshExecutor-%d] [inventory-service,,]com.netflix.discovery.DiscoveryClient    : Registered Applications size is zero : true
2026-09-12T16:54:01.440-07:00  INFO 76191 --- [DiscoveryClient-CacheRefreshExecutor-%d] [inventory-service,,]com.netflix.discovery.DiscoveryClient    : Application version is -1: false
2026-09-12T16:54:01.440-07:00  INFO 76191 --- [DiscoveryClient-CacheRefreshExecutor-%d] [inventory-service,,]com.netflix.discovery.DiscoveryClient    : Getting all instance registry info from the eureka server
2026-09-12T16:54:01.465-07:00  INFO 76191 --- [DiscoveryClient-CacheRefreshExecutor-%d] [inventory-service,,]com.netflix.discovery.DiscoveryClient    : The response status is 200
2026-09-12T16:54:11.588-07:00  INFO 76191 --- [http-nio-8081-exec-4] [inventory-service,,]c.p.b.i.controller.BookController        : Fetching all books - page: 0, size: 10, sort: null
2026-09-12T16:54:11.647-07:00 DEBUG 76191 --- [http-nio-8081-exec-4] [inventory-service,,]org.hibernate.SQL                        : select b1_0.id,a1_0.id,a1_0.created_at,a1_0.name,a1_0.nationality,a1_0.updated_at,b1_0.cover_image_url,b1_0.created_at,b1_0.description,b1_0.genre,b1_0.isbn,b1_0.page_count,b1_0.price,b1_0.published,b1_0.quantity,b1_0.title,b1_0.updated_at from books b1_0 left join authors a1_0 on a1_0.id=b1_0.author_id order by b1_0.title offset ? rows fetch first ? rows only
2026-09-12T16:54:11.665-07:00  INFO 76191 --- [http-nio-8081-exec-4] [inventory-service,,]c.p.b.i.controller.BookController        : Successfully retrieved 0 books
2026-09-12T16:55:03.170-07:00  INFO 76191 --- [http-nio-8081-exec-6] [inventory-service,,]c.p.b.i.controller.BookController        : Fetching all books - page: 0, size: 10, sort: null
2026-09-12T16:55:03.174-07:00 DEBUG 76191 --- [http-nio-8081-exec-6] [inventory-service,,]org.hibernate.SQL                        : select b1_0.id,a1_0.id,a1_0.created_at,a1_0.name,a1_0.nationality,a1_0.updated_at,b1_0.cover_image_url,b1_0.created_at,b1_0.description,b1_0.genre,b1_0.isbn,b1_0.page_count,b1_0.price,b1_0.published,b1_0.quantity,b1_0.title,b1_0.updated_at from books b1_0 left join authors a1_0 on a1_0.id=b1_0.author_id order by b1_0.title offset ? rows fetch first ? rows only
2026-09-12T16:55:03.179-07:00  INFO 76191 --- [http-nio-8081-exec-6] [inventory-service,,]c.p.b.i.controller.BookController        : Successfully retrieved 0 books
2026-09-12T16:56:41.697-07:00  INFO 76191 --- [http-nio-8081-exec-8] [inventory-service,,]c.p.b.i.controller.BookController        : Fetching all books - page: 0, size: 10, sort: null
2026-09-12T16:56:41.704-07:00 DEBUG 76191 --- [http-nio-8081-exec-8] [inventory-service,,]org.hibernate.SQL                        : select b1_0.id,a1_0.id,a1_0.created_at,a1_0.name,a1_0.nationality,a1_0.updated_at,b1_0.cover_image_url,b1_0.created_at,b1_0.description,b1_0.genre,b1_0.isbn,b1_0.page_count,b1_0.price,b1_0.published,b1_0.quantity,b1_0.title,b1_0.updated_at from books b1_0 left join authors a1_0 on a1_0.id=b1_0.author_id order by b1_0.title offset ? rows fetch first ? rows only
2026-09-12T16:56:41.714-07:00  INFO 76191 --- [http-nio-8081-exec-8] [inventory-service,,]c.p.b.i.controller.BookController        : Successfully retrieved 0 books
2026-09-12T16:57:42.895-07:00 DEBUG 76191 --- [http-nio-8081-exec-10] [inventory-service,,]org.hibernate.SQL                        : select b1_0.id,a1_0.id,a1_0.created_at,a1_0.name,a1_0.nationality,a1_0.updated_at,b1_0.cover_image_url,b1_0.created_at,b1_0.description,b1_0.genre,b1_0.isbn,b1_0.page_count,b1_0.price,b1_0.published,b1_0.quantity,b1_0.title,b1_0.updated_at from books b1_0 left join authors a1_0 on a1_0.id=b1_0.author_id where upper(b1_0.title) like upper(?) escape '\'
2026-09-12T16:57:54.750-07:00 DEBUG 76191 --- [http-nio-8081-exec-1] [inventory-service,,]org.hibernate.SQL                        : select b1_0.id from books b1_0 where upper(b1_0.isbn)=upper(?) fetch first ? rows only
2026-09-12T16:57:54.757-07:00 DEBUG 76191 --- [http-nio-8081-exec-1] [inventory-service,,]org.hibernate.SQL                        : select a1_0.id,a1_0.created_at,a1_0.name,a1_0.nationality,a1_0.updated_at from authors a1_0 where a1_0.id=?
2026-09-12T16:58:15.718-07:00 DEBUG 76191 --- [http-nio-8081-exec-2] [inventory-service,,]org.hibernate.SQL                        : select a1_0.id,a1_0.created_at,a1_0.name,a1_0.nationality,a1_0.updated_at from authors a1_0
2026-09-12T16:58:15.736-07:00 DEBUG 76191 --- [http-nio-8081-exec-2] [inventory-service,,]org.hibernate.SQL                        : select b1_0.author_id,b1_0.id,b1_0.cover_image_url,b1_0.created_at,b1_0.description,b1_0.genre,b1_0.isbn,b1_0.page_count,b1_0.price,b1_0.published,b1_0.quantity,b1_0.title,b1_0.updated_at from books b1_0 where b1_0.author_id=?
2026-09-12T16:58:31.250-07:00  INFO 76191 --- [AsyncResolver-bootstrap-executor-%d] [inventory-service,,]c.n.d.s.r.aws.ConfigClusterResolver      : Resolving eureka endpoints via configuration
2026-09-12T16:58:37.523-07:00 DEBUG 76191 --- [http-nio-8081-exec-3] [inventory-service,,]org.hibernate.SQL                        : select b1_0.id from books b1_0 where upper(b1_0.isbn)=upper(?) fetch first ? rows only
2026-09-12T16:58:37.526-07:00 DEBUG 76191 --- [http-nio-8081-exec-3] [inventory-service,,]org.hibernate.SQL                        : select a1_0.id,a1_0.created_at,a1_0.name,a1_0.nationality,a1_0.updated_at from authors a1_0 where a1_0.id=?
2026-09-12T16:58:37.555-07:00 DEBUG 76191 --- [http-nio-8081-exec-3] [inventory-service,,]org.hibernate.SQL                        : insert into books (author_id,cover_image_url,created_at,description,genre,isbn,page_count,price,published,quantity,title,updated_at) values (?,?,?,?,?,?,?,?,?,?,?,?)
2026-09-12T16:58:37.568-07:00  INFO 76191 --- [http-nio-8081-exec-3] [inventory-service,,]c.p.b.i.service.NotificationService      : Publishing NEW_BOOK event for book ID: 39 (Spring)
2026-09-12T16:58:37.573-07:00  INFO 76191 --- [http-nio-8081-exec-3] [inventory-service,,]c.p.b.inventory.service.BookService      : Published NEW_BOOK event for book: Spring (ID: 39)
2026-09-12T16:58:48.033-07:00 DEBUG 76191 --- [http-nio-8081-exec-5] [inventory-service,,]org.hibernate.SQL                        : select b1_0.id from books b1_0 where upper(b1_0.isbn)=upper(?) fetch first ? rows only
2026-09-12T16:58:48.036-07:00 DEBUG 76191 --- [http-nio-8081-exec-5] [inventory-service,,]org.hibernate.SQL                        : select a1_0.id,a1_0.created_at,a1_0.name,a1_0.nationality,a1_0.updated_at from authors a1_0 where a1_0.id=?
2026-09-12T16:58:48.039-07:00 DEBUG 76191 --- [http-nio-8081-exec-5] [inventory-service,,]org.hibernate.SQL                        : insert into books (author_id,cover_image_url,created_at,description,genre,isbn,page_count,price,published,quantity,title,updated_at) values (?,?,?,?,?,?,?,?,?,?,?,?)
2026-09-12T16:58:48.042-07:00  INFO 76191 --- [http-nio-8081-exec-5] [inventory-service,,]c.p.b.i.service.NotificationService      : Publishing NEW_BOOK event for book ID: 40 (Spring book)
2026-09-12T16:58:48.042-07:00  INFO 76191 --- [http-nio-8081-exec-5] [inventory-service,,]c.p.b.inventory.service.BookService      : Published NEW_BOOK event for book: Spring book (ID: 40)
2026-09-12T16:58:53.635-07:00 DEBUG 76191 --- [http-nio-8081-exec-6] [inventory-service,,]org.hibernate.SQL                        : select b1_0.id,a1_0.id,a1_0.created_at,a1_0.name,a1_0.nationality,a1_0.updated_at,b1_0.cover_image_url,b1_0.created_at,b1_0.description,b1_0.genre,b1_0.isbn,b1_0.page_count,b1_0.price,b1_0.published,b1_0.quantity,b1_0.title,b1_0.updated_at from books b1_0 left join authors a1_0 on a1_0.id=b1_0.author_id where upper(b1_0.title) like upper(?) escape '\'
2026-09-12T16:59:02.552-07:00 DEBUG 76191 --- [http-nio-8081-exec-7] [inventory-service,,]org.hibernate.SQL                        : select b1_0.id,a1_0.id,a1_0.created_at,a1_0.name,a1_0.nationality,a1_0.updated_at,b1_0.cover_image_url,b1_0.created_at,b1_0.description,b1_0.genre,b1_0.isbn,b1_0.page_count,b1_0.price,b1_0.published,b1_0.quantity,b1_0.title,b1_0.updated_at from books b1_0 left join authors a1_0 on a1_0.id=b1_0.author_id where upper(b1_0.title) like upper(?) escape '\'
2026-09-12T16:59:05.567-07:00 DEBUG 76191 --- [http-nio-8081-exec-8] [inventory-service,,]org.hibernate.SQL                        : select b1_0.id,a1_0.id,a1_0.created_at,a1_0.name,a1_0.nationality,a1_0.updated_at,b1_0.cover_image_url,b1_0.created_at,b1_0.description,b1_0.genre,b1_0.isbn,b1_0.page_count,b1_0.price,b1_0.published,b1_0.quantity,b1_0.title,b1_0.updated_at from books b1_0 left join authors a1_0 on a1_0.id=b1_0.author_id where upper(b1_0.title) like upper(?) escape '\'
2026-09-12T17:00:47.974-07:00 DEBUG 76191 --- [http-nio-8081-exec-1] [inventory-service,,]org.hibernate.SQL                        : select b1_0.id,a1_0.id,a1_0.created_at,a1_0.name,a1_0.nationality,a1_0.updated_at,b1_0.cover_image_url,b1_0.created_at,b1_0.description,b1_0.genre,b1_0.isbn,b1_0.page_count,b1_0.price,b1_0.published,b1_0.quantity,b1_0.title,b1_0.updated_at from books b1_0 left join authors a1_0 on a1_0.id=b1_0.author_id where upper(b1_0.title) like upper(?) escape '\'
2026-09-12T17:00:57.678-07:00 DEBUG 76191 --- [http-nio-8081-exec-2] [inventory-service,,]org.hibernate.SQL                        : select b1_0.id,a1_0.id,a1_0.created_at,a1_0.name,a1_0.nationality,a1_0.updated_at,b1_0.cover_image_url,b1_0.created_at,b1_0.description,b1_0.genre,b1_0.isbn,b1_0.page_count,b1_0.price,b1_0.published,b1_0.quantity,b1_0.title,b1_0.updated_at from books b1_0 left join authors a1_0 on a1_0.id=b1_0.author_id where upper(b1_0.title) like upper(?) escape '\'
2026-09-12T17:03:31.256-07:00  INFO 76191 --- [AsyncResolver-bootstrap-executor-%d] [inventory-service,,]c.n.d.s.r.aws.ConfigClusterResolver      : Resolving eureka endpoints via configuration
